<?xml version="1.0" encoding="utf-8"?>
<TestRun id="0f37b44d-f304-417c-b8e3-06255f73d90d" name="ADMIN@ADMIN-20231124T 2025-06-15 20:53:01" runUser="ADMIN-20231124T\ADMIN" xmlns="http://microsoft.com/schemas/VisualStudio/TeamTest/2010">
  <Times creation="2025-06-15T20:53:01.3434446+08:00" queuing="2025-06-15T20:53:01.3434447+08:00" start="2025-06-15T20:52:52.7994770+08:00" finish="2025-06-15T20:53:01.3456861+08:00" />
  <TestSettings name="default" id="74359154-a871-4c19-bb97-4342b11bbd4e">
    <Deployment runDeploymentRoot="ADMIN_ADMIN-20231124T_2025-06-15_20_53_01" />
  </TestSettings>
  <Results>
    <UnitTestResult executionId="eb124276-1cfe-487f-9542-c3b16aca69ca" testId="cb1100a7-1b98-8eaf-d363-bf866f516dd6" testName="Valid_Login_Test" computerName="ADMIN-20231124T" duration="00:00:06.9973400" startTime="2025-06-15T20:52:54.2913503+08:00" endTime="2025-06-15T20:53:01.2886664+08:00" testType="13cdc9d9-ddb5-4fa4-a97d-d965ccfc6d4b" outcome="Passed" testListId="8c84fa94-04c1-424b-9868-57a2d4851a1d" relativeResultsDirectory="eb124276-1cfe-487f-9542-c3b16aca69ca">
      <Output>
        <StdOut>Failed to take screenshot: Value cannot be null. (Parameter 'key')&#xD;
Failed to take screenshot: Value cannot be null. (Parameter 'key')</StdOut>
      </Output>
    </UnitTestResult>
  </Results>
  <TestDefinitions>
    <UnitTest name="Valid_Login_Test" storage="c:\users\admin\source\repos\uiautomationframework\uiautomationframework\bin\debug\net8.0\uiautomationframework.dll" id="cb1100a7-1b98-8eaf-d363-bf866f516dd6">
      <Execution id="eb124276-1cfe-487f-9542-c3b16aca69ca" />
      <TestMethod codeBase="C:\Users\ADMIN\source\repos\UIAutomationFramework\UIAutomationFramework\bin\Debug\net8.0\UIAutomationFramework.dll" adapterTypeName="executor://nunit3testexecutor/" className="UIAutomationFramework.Tests.LoginTests" name="Valid_Login_Test" />
    </UnitTest>
  </TestDefinitions>
  <TestEntries>
    <TestEntry testId="cb1100a7-1b98-8eaf-d363-bf866f516dd6" executionId="eb124276-1cfe-487f-9542-c3b16aca69ca" testListId="8c84fa94-04c1-424b-9868-57a2d4851a1d" />
  </TestEntries>
  <TestLists>
    <TestList name="Results Not in a List" id="8c84fa94-04c1-424b-9868-57a2d4851a1d" />
    <TestList name="All Loaded Results" id="19431567-8539-422a-85d7-44ee4e166bda" />
  </TestLists>
  <ResultSummary outcome="Completed">
    <Counters total="1" executed="1" passed="1" failed="0" error="0" timeout="0" aborted="0" inconclusive="0" passedButRunAborted="0" notRunnable="0" notExecuted="0" disconnected="0" warning="0" completed="0" inProgress="0" pending="0" />
    <Output>
      <StdOut>NUnit Adapter 5.0.0.0: Test execution started&#xD;
Running all tests in C:\Users\ADMIN\source\repos\UIAutomationFramework\UIAutomationFramework\bin\Debug\net8.0\UIAutomationFramework.dll&#xD;
   NUnit3TestExecutor discovered 1 of 1 NUnit test cases using Current Discovery mode, Non-Explicit run&#xD;
Starting ChromeDriver 137.0.7151.70 (dfa4dc56b2abb56eb2a14cad006ea5e68c60d5de-refs/branch-heads/7151@{#1875}) on port 51683&#xD;
Only local connections are allowed.&#xD;
Please see https://chromedriver.chromium.org/security-considerations for suggestions on keeping ChromeDriver safe.&#xD;
ChromeDriver was started successfully on port 51683.&#xD;
Failed to take screenshot: Value cannot be null. (Parameter 'key')&#xD;
Failed to take screenshot: Value cannot be null. (Parameter 'key')&#xD;
&#xD;
NUnit Adapter 5.0.0.0: Test execution complete&#xD;
</StdOut>
    </Output>
  </ResultSummary>
</TestRun>